'inductance check, no tolerance 
#          
 27.       
#Freq       vm(2)      vm(3)      vm(4)      vm(5)      vp(2)      vp(3)      vp(4)      vp(5)     
 0.1        0.84672    0.84672    0.84672    0.84672   -32.142    -32.142    -32.142     147.86    
 1.         0.15718    0.15718    0.15718    0.15718   -80.957    -80.957    -80.957     99.043    
#Time       v(2)       v(3)       v(4)       v(5)      
 0.         0.         0.         0.         0.        
 1.         0.36693    0.36693    0.36693   -0.36693   
 2.         0.76928    0.76928    0.76928   -0.76928   
 3.         0.91694    0.91694    0.91694   -0.91694   
 4.         0.97009    0.97009    0.97009   -0.97009   
 5.         0.99002    0.99002    0.99002   -0.99002   
 6.         0.99667    0.99667    0.99667   -0.99667   
 7.         0.99888    0.99888    0.99888   -0.99888   
 8.         0.99962    0.99962    0.99962   -0.99962   
 9.         0.99987    0.99987    0.99987   -0.99987   
 10.        0.99995    0.99995    0.99995   -0.99995   
V1 ( 1 0 ) pulse iv= 0. pv= 1. delay=NA( 0.) rise= 1. fall= 1. width=NA( Inf) period=NA( Inf)  DC  1.  AC  1.
L3 ( 1 2 )  1.
R4 ( 2 0 )  1.
R5 ( 1 3 )  1.
C6 ( 3 0 )  1.
E1 ( 4 0 3 0 )  1.
rspice ( 4 0 )  1.G
G1 ( 5 0 3 0 )  1.
Rg ( 5 0 )  1.
Gnucap   System status
iterations: op=3, dc=0, tran=104, fourier=0, total=144
transient timesteps: accepted=31, rejected=4, total=35
nodes: user=5, subckt=0, model=0, total=5
dctran density=52.0%, ac density=52.0%
