 
x1: need more nodes
.subckt foo ( 1 2 3 4 )
e1 ( 1 2 3 4 )  1.
.ends foo
v1 ( 1 0 )  DC  1.
x1 ( 1 2 )  foo 
