* switch as negative resistance oscillator 
#Time       V(1)       r(SW1)     iter(0)    input(SW1) timef(SW1) control(0)
 0.         0.         10.Meg     0.         0.         Inf        1.        
 13.889n    0.0013889  10.Meg     9.         0.         49.75u     16.       
 22.289n    0.0022289  10.Meg     2.         0.0013889  49.75u     6.        
 14.306u    1.4296     10.Meg     3.         0.0022289  49.786u    6.        
 49.786u    4.9662     10.Meg     3.         1.4296     49.874u    7.        
 49.874u    4.975      10.Meg     3.         4.9662     49.874u    7.        
 49.874u    4.975      10.Meg     2.         4.975      49.874u    7.        
 49.874u    4.975      10.Meg     2.         4.975      49.874u    7.        
 49.874u    4.97       1.         2.         4.975      49.876u    7.        
 49.874u    4.8412     1.         2.         4.97       49.875u    6.        
 49.874u    4.7654     1.         2.         4.8412     49.875u    6.        
 49.874u    4.6137     1.         2.         4.7654     49.875u    6.        
 49.875u    3.0327     1.         2.         4.6137     49.875u    6.        
 49.875u    1.9935     1.         2.         3.0327     49.876u    6.        
 49.875u    1.3104     1.         2.         1.9935     49.876u    6.        
 49.876u    0.86139    1.         2.         1.3104     49.877u    6.        
 49.876u    0.56624    1.         2.         0.86139    49.877u    6.        
 49.877u    0.37224    1.         2.         0.56624    49.877u    6.        
 49.877u    0.24471    1.         2.         0.37224    49.878u    6.        
 49.878u    0.16089    1.         2.         0.24471    49.878u    6.        
 49.878u    0.10579    1.         2.         0.16089    49.879u    6.        
 49.878u    0.069572   1.         2.         0.10579    49.879u    6.        
 49.879u    0.045765   1.         2.         0.069572   49.879u    6.        
 49.879u    0.03181    1.         2.         0.045765   49.879u    7.        
 49.879u    0.02668    1.         2.         0.03181    49.879u    7.        
 49.879u    0.025191   1.         2.         0.02668    49.879u    7.        
 49.879u    0.025006   1.         2.         0.025191   49.879u    7.        
 49.879u    0.024956   1.         2.         0.025006   49.879u    7.        
 49.879u    0.024932   10.Meg     2.         0.024956   Inf        7.        
 49.879u    0.024933   10.Meg     2.         0.024932   99.381u    6.        
 49.879u    0.024934   10.Meg     2.         0.024933   99.381u    6.        
 49.879u    0.024936   10.Meg     2.         0.024934   99.381u    6.        
 49.96u     0.033037   10.Meg     3.         0.024936   99.381u    6.        
 51.243u    0.16126    10.Meg     3.         0.033037   99.385u    6.        
 67.771u    1.8125     10.Meg     3.         0.16126    99.428u    6.        
 99.428u    4.9674     10.Meg     3.         1.8125     99.504u    7.        
 99.504u    4.975      10.Meg     2.         4.9674     99.504u    7.        
 99.504u    4.975      10.Meg     2.         4.975      99.504u    7.        
 99.504u    4.975      10.Meg     2.         4.975      99.504u    7.        
 99.504u    4.97       1.         2.         4.975      99.506u    7.        
 99.504u    4.8515     1.         2.         4.97       99.505u    6.        
 99.504u    4.7771     1.         2.         4.8515     99.505u    6.        
 99.504u    4.6314     1.         2.         4.7771     99.505u    6.        
 99.505u    3.0401     1.         2.         4.6314     99.505u    6.        
 99.505u    1.9956     1.         2.         3.0401     99.506u    6.        
 99.505u    1.31       1.         2.         1.9956     99.506u    6.        
 99.506u    0.85989    1.         2.         1.31       99.507u    6.        
 99.506u    0.56447    1.         2.         0.85989    99.507u    6.        
 99.507u    0.37056    1.         2.         0.56447    99.507u    6.        
 99.507u    0.24327    1.         2.         0.37056    99.508u    6.        
 99.508u    0.15972    1.         2.         0.24327    99.508u    6.        
 99.508u    0.10487    1.         2.         0.15972    99.509u    6.        
 99.508u    0.068874   1.         2.         0.10487    99.509u    6.        
 99.509u    0.045244   1.         2.         0.068874   99.509u    6.        
 99.509u    0.03162    1.         2.         0.045244   99.509u    7.        
 99.509u    0.026609   1.         2.         0.03162    99.509u    7.        
 99.509u    0.025179   1.         2.         0.026609   99.509u    7.        
 99.509u    0.025006   1.         2.         0.025179   99.509u    7.        
 99.509u    0.024956   1.         2.         0.025006   99.509u    7.        
 99.509u    0.024931   10.Meg     2.         0.024956   Inf        7.        
 99.509u    0.024932   10.Meg     2.         0.024931   149.01u    6.        
 99.509u    0.024933   10.Meg     2.         0.024932   149.01u    6.        
 99.509u    0.024935   10.Meg     2.         0.024933   149.01u    6.        
 99.584u    0.032429   10.Meg     2.         0.024935   149.01u    6.        
 102.16u    0.28986    10.Meg     3.         0.032429   149.02u    6.        
 134.77u    3.545      10.Meg     3.         0.28986    149.1u     6.        
 149.1u     4.9716     10.Meg     3.         3.545      149.13u    7.        
 149.13u    4.975      10.Meg     2.         4.9716     149.13u    7.        
 149.13u    4.975      10.Meg     2.         4.975      149.13u    7.        
 149.13u    4.975      10.Meg     2.         4.975      149.13u    7.        
 149.13u    4.97       1.         2.         4.975      149.14u    7.        
 149.13u    4.8976     1.         2.         4.97       149.14u    6.        
 149.13u    4.8263     1.         2.         4.8976     149.14u    6.        
 149.13u    4.7102     1.         2.         4.8263     149.14u    6.        
 149.13u    3.0587     1.         2.         4.7102     149.14u    6.        
 149.14u    1.9862     1.         2.         3.0587     149.14u    6.        
 149.14u    1.2898     1.         2.         1.9862     149.14u    6.        
 149.14u    0.83755    1.         2.         1.2898     149.14u    6.        
 149.14u    0.5439     1.         2.         0.83755    149.14u    6.        
 149.14u    0.35322    1.         2.         0.5439     149.14u    6.        
 149.14u    0.2294     1.         2.         0.35322    149.14u    6.        
 149.14u    0.149      1.         2.         0.2294     149.14u    6.        
 149.14u    0.096787   1.         2.         0.149      149.14u    6.        
 149.14u    0.062884   1.         2.         0.096787   149.14u    6.        
 149.14u    0.040869   1.         2.         0.062884   149.14u    6.        
 149.14u    0.030034   1.         2.         0.040869   149.14u    7.        
 149.14u    0.026055   1.         2.         0.030034   149.14u    7.        
 149.14u    0.025093   1.         2.         0.026055   149.14u    7.        
 149.14u    0.025002   1.         2.         0.025093   149.14u    7.        
 149.14u    0.024952   1.         2.         0.025002   149.14u    7.        
 149.14u    0.024927   10.Meg     2.         0.024952   Inf        7.        
 149.14u    0.024928   10.Meg     2.         0.024927   198.64u    6.        
 149.14u    0.024929   10.Meg     2.         0.024928   198.64u    6.        
 149.14u    0.024931   10.Meg     2.         0.024929   198.64u    6.        
 149.21u    0.031511   10.Meg     2.         0.024931   198.64u    6.        
 150.22u    0.13309    10.Meg     3.         0.031511   198.64u    6.        
 162.67u    1.3766     10.Meg     3.         0.13309    198.68u    6.        
 198.68u    4.9663     10.Meg     3.         1.3766     198.76u    7.        
 198.76u    4.975      10.Meg     2.         4.9663     198.76u    7.        
 198.76u    4.975      10.Meg     2.         4.975      198.76u    7.        
 198.76u    4.975      10.Meg     2.         4.975      198.76u    7.        
 198.76u    4.97       1.         2.         4.975      198.77u    7.        
 198.76u    4.8411     1.         2.         4.97       198.77u    6.        
 198.76u    4.7653     1.         2.         4.8411     198.77u    6.        
 198.76u    4.6135     1.         2.         4.7653     198.77u    6.        
 198.76u    3.0331     1.         2.         4.6135     198.77u    6.        
 198.77u    1.994      1.         2.         3.0331     198.77u    6.        
 198.77u    1.311      1.         2.         1.994      198.77u    6.        
 198.77u    0.86188    1.         2.         1.311      198.77u    6.        
 198.77u    0.56666    1.         2.         0.86188    198.77u    6.        
 198.77u    0.37257    1.         2.         0.56666    198.77u    6.        
 198.77u    0.24497    1.         2.         0.37257    198.77u    6.        
 198.77u    0.16108    1.         2.         0.24497    198.77u    6.        
 198.77u    0.10593    1.         2.         0.16108    198.77u    6.        
 198.77u    0.069677   1.         2.         0.10593    198.77u    6.        
 198.77u    0.045841   1.         2.         0.069677   198.77u    6.        
 198.77u    0.031838   1.         2.         0.045841   198.77u    7.        
 198.77u    0.02669    1.         2.         0.031838   198.77u    7.        
 198.77u    0.025193   1.         2.         0.02669    198.77u    7.        
 198.77u    0.025006   1.         2.         0.025193   198.77u    7.        
 198.77u    0.024957   1.         2.         0.025006   198.77u    7.        
 198.77u    0.024932   10.Meg     2.         0.024957   Inf        7.        
 198.77u    0.024933   10.Meg     2.         0.024932   248.27u    6.        
 198.77u    0.024934   10.Meg     2.         0.024933   248.27u    6.        
 198.77u    0.024936   10.Meg     2.         0.024934   248.27u    6.        
 198.84u    0.032174   10.Meg     2.         0.024936   248.27u    6.        
 199.42u    0.090072   10.Meg     3.         0.032174   248.27u    6.        
 200.u      0.14797    10.Meg     3.         0.090072   248.28u    1.        
Gnucap   System status
iterations: op=0, dc=0, tran=276, fourier=0, total=406
transient timesteps: accepted=128, rejected=2, total=130
nodes: user=1, subckt=0, model=0, total=1
dctran density=100.0%, ac density=100.0%
