* switch as negative resistance oscillator 
#Time       V(1)       r(SW1)     iter(0)    input(SW1) timef(SW1) control(0)
 0.         0.         10.Meg     0.         0.         Inf        1.        
 100.n      0.0099999  10.Meg     3.         0.         49.75u     9.        
 200.n      0.02       10.Meg     3.         0.0099999  49.751u    6.        
 10.u       0.99902    10.Meg     3.         0.02       49.8u      1.        
 20.u       1.997      10.Meg     3.         0.99902    49.839u    1.        
 30.u       2.994      10.Meg     3.         1.997      49.869u    1.        
 40.u       3.99       10.Meg     3.         2.994      49.889u    1.        
 49.889u    4.974      10.Meg     3.         3.99       49.899u    7.        
 49.899u    4.975      10.Meg     2.         4.974      49.899u    7.        
 49.899u    4.975      10.Meg     2.         4.975      49.899u    7.        
 49.899u    4.9651     1.         2.         4.975      49.9u      7.        
 49.9u      2.4888     1.         2.         4.9651     49.901u    7.        
 49.901u    1.2507     1.         2.         2.4888     49.902u    7.        
 49.902u    0.6317     1.         2.         1.2507     49.903u    7.        
 49.903u    0.32225    1.         2.         0.6317     49.904u    7.        
 49.904u    0.16765    1.         2.         0.32225    49.905u    7.        
 49.905u    0.0906     1.         2.         0.16765    49.905u    7.        
 49.905u    0.052568   1.         2.         0.0906     49.906u    7.        
 49.906u    0.034496   1.         2.         0.052568   49.906u    7.        
 49.906u    0.027054   1.         2.         0.034496   49.906u    7.        
 49.906u    0.025145   1.         2.         0.027054   49.906u    7.        
 49.906u    0.025001   1.         2.         0.025145   49.906u    7.        
 49.906u    0.024951   1.         2.         0.025001   49.906u    7.        
 49.906u    0.024951   10.Meg     2.         0.024951   99.408u    7.        
 49.937u    0.028079   10.Meg     2.         0.024951   99.408u    6.        
 50.u       0.034335   10.Meg     3.         0.028079   99.408u    1.        
 51.667u    0.20097    10.Meg     3.         0.034335   99.417u    6.        
 60.u       1.0334     10.Meg     3.         0.20097    99.456u    1.        
 70.u       2.0314     10.Meg     3.         1.0334     99.496u    1.        
 80.u       3.0284     10.Meg     3.         2.0314     99.525u    1.        
 90.u       4.0244     10.Meg     3.         3.0284     99.545u    1.        
 99.545u    4.9741     10.Meg     3.         4.0244     99.554u    7.        
 99.554u    4.975      10.Meg     2.         4.9741     99.554u    7.        
 99.554u    4.975      10.Meg     2.         4.975      99.554u    7.        
 99.554u    4.9651     1.         2.         4.975      99.555u    7.        
 99.555u    2.4888     1.         2.         4.9651     99.556u    7.        
 99.556u    1.2507     1.         2.         2.4888     99.557u    7.        
 99.557u    0.6317     1.         2.         1.2507     99.558u    7.        
 99.558u    0.32225    1.         2.         0.6317     99.559u    7.        
 99.559u    0.16765    1.         2.         0.32225    99.56u     7.        
 99.56u     0.0906     1.         2.         0.16765    99.56u     7.        
 99.56u     0.052568   1.         2.         0.0906     99.561u    7.        
 99.561u    0.034496   1.         2.         0.052568   99.561u    7.        
 99.561u    0.027054   1.         2.         0.034496   99.561u    7.        
 99.561u    0.025145   1.         2.         0.027054   99.561u    7.        
 99.561u    0.025001   1.         2.         0.025145   99.561u    7.        
 99.561u    0.024951   1.         2.         0.025001   99.561u    7.        
 99.561u    0.024951   10.Meg     2.         0.024951   149.06u    7.        
 99.61u     0.029826   10.Meg     2.         0.024951   149.06u    6.        
 99.805u    0.049324   10.Meg     3.         0.029826   149.06u    6.        
 100.u      0.068821   10.Meg     3.         0.049324   149.07u    1.        
 110.u      1.0678     10.Meg     3.         0.068821   149.11u    1.        
 120.u      2.0657     10.Meg     3.         1.0678     149.15u    1.        
 130.u      3.0626     10.Meg     3.         2.0657     149.18u    1.        
 140.u      4.0586     10.Meg     3.         3.0626     149.2u     1.        
 149.2u     4.9742     10.Meg     3.         4.0586     149.21u    7.        
 149.21u    4.975      10.Meg     2.         4.9742     149.21u    7.        
 149.21u    4.975      10.Meg     2.         4.975      149.21u    7.        
 149.21u    4.9651     1.         2.         4.975      149.21u    7.        
 149.21u    2.4888     1.         2.         4.9651     149.21u    7.        
 149.21u    1.2507     1.         2.         2.4888     149.21u    7.        
 149.21u    0.6317     1.         2.         1.2507     149.21u    7.        
 149.21u    0.32225    1.         2.         0.6317     149.22u    7.        
 149.22u    0.16765    1.         2.         0.32225    149.22u    7.        
 149.22u    0.0906     1.         2.         0.16765    149.22u    7.        
 149.22u    0.052568   1.         2.         0.0906     149.22u    7.        
 149.22u    0.034496   1.         2.         0.052568   149.22u    7.        
 149.22u    0.027054   1.         2.         0.034496   149.22u    7.        
 149.22u    0.025145   1.         2.         0.027054   149.22u    7.        
 149.22u    0.025001   1.         2.         0.025145   149.22u    7.        
 149.22u    0.024951   1.         2.         0.025001   149.22u    7.        
 149.22u    0.024951   10.Meg     2.         0.024951   198.72u    7.        
 149.27u    0.030168   10.Meg     2.         0.024951   198.72u    6.        
 149.51u    0.054512   10.Meg     3.         0.030168   198.72u    6.        
 150.u      0.1032     10.Meg     3.         0.054512   198.72u    1.        
 160.u      1.1021     10.Meg     3.         0.1032     198.77u    1.        
 170.u      2.1        10.Meg     3.         1.1021     198.81u    1.        
 180.u      3.0969     10.Meg     3.         2.1        198.84u    1.        
 190.u      4.0928     10.Meg     3.         3.0969     198.86u    1.        
 198.86u    4.9742     10.Meg     3.         4.0928     198.87u    7.        
 198.87u    4.975      10.Meg     2.         4.9742     198.87u    7.        
 198.87u    4.975      10.Meg     2.         4.975      198.87u    7.        
 198.87u    4.9651     1.         2.         4.975      198.87u    7.        
 198.87u    2.4888     1.         2.         4.9651     198.87u    7.        
 198.87u    1.2507     1.         2.         2.4888     198.87u    7.        
 198.87u    0.6317     1.         2.         1.2507     198.87u    7.        
 198.87u    0.32225    1.         2.         0.6317     198.87u    7.        
 198.87u    0.16765    1.         2.         0.32225    198.87u    7.        
 198.87u    0.0906     1.         2.         0.16765    198.87u    7.        
 198.87u    0.052568   1.         2.         0.0906     198.87u    7.        
 198.87u    0.034496   1.         2.         0.052568   198.87u    7.        
 198.87u    0.027054   1.         2.         0.034496   198.87u    7.        
 198.87u    0.025145   1.         2.         0.027054   198.87u    7.        
 198.87u    0.025001   1.         2.         0.025145   198.87u    7.        
 198.87u    0.024951   1.         2.         0.025001   198.87u    7.        
 198.87u    0.024951   10.Meg     2.         0.024951   248.38u    7.        
 198.91u    0.028586   10.Meg     2.         0.024951   248.38u    6.        
 199.07u    0.044161   10.Meg     2.         0.028586   248.38u    6.        
 200.u      0.1376     10.Meg     3.         0.044161   248.38u    1.        
t2= 198.867427021727u
t1= 149.211538215145u
t0= 99.5553506385893u
tmin0= 99.561274900659u
tmin1= 149.217462477214u
tmax1= 149.210150363274u
falltime= 7.31211394000087E-9
risetime= 49.648875462615E-6
dt= 49.655888806582E-6
Gnucap   System status
iterations: op=0, dc=0, tran=225, fourier=0, total=324
transient timesteps: accepted=99, rejected=0, total=99
nodes: user=1, subckt=0, model=0, total=1
dctran density=100.0%, ac density=100.0%
