"v1 (1 0) pulse (0 1 .001 .0001) "
"r1 (2 0) 1 "
".print tran v(1) "
".tran 0 1 "
#Time       v(1)      
 0.         0.        
 0.001      0.        
 0.0011     1.        
 0.0013718  1.        
 0.0016436  1.        
 0.0018602  1.        
 0.0020768  1.        
 1.         1.        
".tran "
#Time       v(1)      
 1.         1.        
 1.01       1.        
 2.         1.        
".end "
